// Jest Snapshot v1, https://goo.gl/fbAQLP

exports[`EntryView should show the entry correctly 1`] = `
<div class="entry-title d-flex justify-content-between p-2">
  <div><span class="text-success fs-3 fw-bold">2</span><span class="mx-1 fs-3">September</span><span class="mx-2 fs-4 fw-light">2021, Thursday</span></div>
  <div><input type="file" accept="image/png, image/jpeg" style="display: none;"><button class="btn btn-danger mx-2"> Delete <i class="fa fa-trash-alt"></i></button><button class="btn btn-primary"> Upload picture <i class="fa fa-upload"></i></button></div>
</div>
<hr>
<div class="d-flex flex-column px-3 h-75"><textarea placeholder="¿What´s happened today?"></textarea></div>
<!--v-if-->
<!--v-if-->
<fab-stub icon="fa-save"></fab-stub>
`;
